{"id":1,"period":"2010-01-01","turnover":2800,"turnover_fr_flag":1},
{"id":2,"period":"2010-01-01","turnover":660,"turnover_fr_flag":1},
{"id":3,"period":"2010-01-01","turnover":150,"turnover_fr_flag":1},
{"id":4,"period":"2010-01-01","turnover":450,"turnover_fr_flag":1},
{"id":5,"period":"2010-01-01","turnover":10,"turnover_fr_flag":1},
{"id":6,"period":"2010-01-01","turnover":210,"turnover_fr_flag":1},
{"id":7,"period":"2010-01-01","turnover":4510,"turnover_fr_flag":1},
{"id":8,"period":"2010-01-01","turnover":610,"turnover_fr_flag":1},
{"id":9,"period":"2010-01-01","turnover":8820,"turnover_fr_flag":1},
{"id":10,"period":"2010-01-01","turnover":8820,"turnover_fr_flag":1},
{"id":1,"period":"2010-02-01","turnover":400,"turnover_fr_flag":0},
{"id":2,"period":"2010-02-01","turnover":600,"turnover_fr_flag":0},
{"id":3,"period":"2010-02-01","turnover":170,"turnover_fr_flag":0},
{"id":4,"period":"2010-02-01","turnover":770,"turnover_fr_flag":0},
{"id":5,"period":"2010-02-01","turnover":610,"turnover_fr_flag":0},
{"id":1,"period":"2010-04-01","turnover":400,"turnover_fr_flag":0},
{"id":2,"period":"2010-04-01","turnover":500,"turnover_fr_flag":0},
{"id":3,"period":"2010-04-01","turnover":570,"turnover_fr_flag":0},
{"id":4,"period":"2010-04-01","turnover":270,"turnover_fr_flag":0},
{"id":5,"period":"2010-04-01","turnover":510,"turnover_fr_flag":0},
{"id":1,"period":"2010-03-01","turnover":430,"turnover_fr_flag":0},
{"id":2,"period":"2010-03-01","turnover":550,"turnover_fr_flag":0},
{"id":3,"period":"2010-03-01","turnover":170,"turnover_fr_flag":0},
{"id":4,"period":"2010-03-01","turnover":670,"turnover_fr_flag":0},
{"id":5,"period":"2010-03-01","turnover":210,"turnover_fr_flag":0},
{"id":1,"period":"2010-05-01","turnover":730,"turnover_fr_flag":0},
{"id":2,"period":"2010-05-01","turnover":950,"turnover_fr_flag":0},
{"id":3,"period":"2010-05-01","turnover":1970,"turnover_fr_flag":0},
{"id":4,"period":"2010-05-01","turnover":470,"turnover_fr_flag":0},
{"id":5,"period":"2010-05-01","turnover":770,"turnover_fr_flag":0},
{"id":1,"period":"2010-01-01","turnover":1330,"turnover_fr_flag":0},
{"id":1,"period":"2010-02-01","turnover":230,"turnover_fr_flag":0},
{"id":1,"period":"2010-03-01","turnover":330,"turnover_fr_flag":0},
{"id":1,"period":"2010-04-01","turnover":430,"turnover_fr_flag":0},
{"id":1,"period":"2010-05-01","turnover":530,"turnover_fr_flag":0},
{"id":2,"period":"2010-01-01","turnover":30,"turnover_fr_flag":0},
{"id":2,"period":"2010-02-01","turnover":2230,"turnover_fr_flag":0},
{"id":2,"period":"2010-03-01","turnover":330,"turnover_fr_flag":0},
{"id":2,"period":"2010-04-01","turnover":430,"turnover_fr_flag":0},
{"id":2,"period":"2010-05-01","turnover":530,"turnover_fr_flag":0},
{"id":4,"period":"2010-01-01","turnover":100,"turnover_fr_flag":0},
{"id":4,"period":"2010-02-01","turnover":1230,"turnover_fr_flag":0},
{"id":4,"period":"2010-03-01","turnover":330,"turnover_fr_flag":0},
{"id":4,"period":"2010-04-01","turnover":430,"turnover_fr_flag":0},
{"id":4,"period":"2010-05-01","turnover":530,"turnover_fr_flag":0},
{"id":11,"period":"2010-05-01","turnover":10530,"turnover_fr_flag":1},
{"id":12,"period":"2010-05-01","turnover":30,"turnover_fr_flag":1},
{"id":14,"period":"2010-05-01","turnover":530,"turnover_fr_flag":1},
{"id":14,"period":"2010-05-01","turnover":30,"turnover_fr_flag":0}